
> packersmovers@1.0.0 web
> expo start --web --port 8081

env: load .env
env: export EXPO_PUBLIC_SUPABASE_URL EXPO_PUBLIC_SUPABASE_ANON_KEY
Starting project at D:\BALVANT\REACT NATIVE\PACKERS MOVERS\PackersMovers
React Compiler enabled
Starting Metro Bundler
Networking has been disabled
Unable to reach well-known versions endpoint. Using local dependency map expo/bundledNativeModules.json for version validation
Dependency validation is unreliable in offline-mode
Waiting on http://localhost:8081
Logs for your project will appear below.
Web node_modules\expo-router\entry.js ░░░░░░░░░░░░░░░░  0.0% (0/1)
λ node_modules\expo-router\node\render.js ░░░░░░░░░░░░░░░░  0.0% (0/1)
Web node_modules\expo-router\entry.js ░░░░░░░░░░░░░░░░  0.0% (0/1)
λ node_modules\expo-router\node\render.js ░░░░░░░░░░░░░░░░  0.0% (0/1)
Web node_modules\expo-router\entry.js ░░░░░░░░░░░░░░░░  0.0% (0/1)
λ node_modules\expo-router\node\render.js ░░░░░░░░░░░░░░░░  0.0% (0/1)
Web node_modules\expo-router\entry.js ▓▓░░░░░░░░░░░░░░ 15.4% (20/51)
λ node_modules\expo-router\node\render.js ▓▓░░░░░░░░░░░░░░ 13.4% (119/325)
Web node_modules\expo-router\entry.js ░░░░░░░░░░░░░░░░  0.0% (0/1)
λ node_modules\expo-router\node\render.js ░░░░░░░░░░░░░░░░  0.0% (0/1)
Web node_modules\expo-router\entry.js ░░░░░░░░░░░░░░░░  0.0% (0/1)
λ node_modules\expo-router\node\render.js ░░░░░░░░░░░░░░░░  0.0% (0/1)
Web node_modules\expo-router\entry.js ▓▓░░░░░░░░░░░░░░ 15.4% ( 81/268)
λ node_modules\expo-router\node\render.js ▓▓░░░░░░░░░░░░░░ 13.8% (125/341)
Web node_modules\expo-router\entry.js ░░░░░░░░░░░░░░░░  0.0% (0/1)
λ node_modules\expo-router\node\render.js ░░░░░░░░░░░░░░░░  0.0% (0/1)
Web node_modules\expo-router\entry.js ░░░░░░░░░░░░░░░░  0.0% (0/1)
λ node_modules\expo-router\node\render.js ░░░░░░░░░░░░░░░░  0.0% (0/1)
Web node_modules\expo-router\entry.js ▓▓░░░░░░░░░░░░░░ 15.4% (104/297)
λ node_modules\expo-router\node\render.js ▓▓▓▓▓░░░░░░░░░░░ 35.4% (316/531)
Web node_modules\expo-router\entry.js ░░░░░░░░░░░░░░░░  0.0% (0/1)
λ node_modules\expo-router\node\render.js ░░░░░░░░░░░░░░░░  0.0% (0/1)
Web node_modules\expo-router\entry.js ░░░░░░░░░░░░░░░░  0.0% (0/1)
λ node_modules\expo-router\node\render.js ░░░░░░░░░░░░░░░░  0.0% (0/1)
Web node_modules\expo-router\entry.js ▓▓░░░░░░░░░░░░░░ 15.4% (123/328)
λ node_modules\expo-router\node\render.js ▓▓▓▓▓░░░░░░░░░░░ 36.0% (329/548)
Web node_modules\expo-router\entry.js ░░░░░░░░░░░░░░░░  0.0% (0/1)
λ node_modules\expo-router\node\render.js ░░░░░░░░░░░░░░░░  0.0% (0/1)
Web node_modules\expo-router\entry.js ░░░░░░░░░░░░░░░░  0.0% (0/1)
λ node_modules\expo-router\node\render.js ░░░░░░░░░░░░░░░░  0.0% (0/1)
Web node_modules\expo-router\entry.js ▓▓▓▓▓░░░░░░░░░░░ 37.2% (292/481)
λ node_modules\expo-router\node\render.js ▓▓▓▓▓▓▓▓░░░░░░░░ 50.7% (416/584)
Web node_modules\expo-router\entry.js ░░░░░░░░░░░░░░░░  0.0% (0/1)
λ node_modules\expo-router\node\render.js ░░░░░░░░░░░░░░░░  0.0% (0/1)
Web node_modules\expo-router\entry.js ░░░░░░░░░░░░░░░░  0.0% (0/1)
λ node_modules\expo-router\node\render.js ░░░░░░░░░░░░░░░░  0.0% (0/1)
Web node_modules\expo-router\entry.js ▓▓▓▓▓░░░░░░░░░░░ 37.2% (294/496)
λ node_modules\expo-router\node\render.js ▓▓▓▓▓▓▓▓░░░░░░░░ 50.7% (542/793)
Web node_modules\expo-router\entry.js ░░░░░░░░░░░░░░░░  0.0% (0/1)
λ node_modules\expo-router\node\render.js ░░░░░░░░░░░░░░░░  0.0% (0/1)
Web node_modules\expo-router\entry.js ░░░░░░░░░░░░░░░░  0.0% (0/1)
λ node_modules\expo-router\node\render.js ░░░░░░░░░░░░░░░░  0.0% (0/1)
Web node_modules\expo-router\entry.js ▓▓▓▓▓▓░░░░░░░░░░ 38.9% (465/746)
λ node_modules\expo-router\node\render.js ▓▓▓▓▓▓▓▓░░░░░░░░ 50.7% ( 753/1117)
Web node_modules\expo-router\entry.js ░░░░░░░░░░░░░░░░  0.0% (0/1)
λ node_modules\expo-router\node\render.js ░░░░░░░░░░░░░░░░  0.0% (0/1)
Web node_modules\expo-router\entry.js ░░░░░░░░░░░░░░░░  0.0% (0/1)
λ node_modules\expo-router\node\render.js ░░░░░░░░░░░░░░░░  0.0% (0/1)
Web node_modules\expo-router\entry.js ▓▓▓▓▓▓░░░░░░░░░░ 41.5% (490/761)
λ node_modules\expo-router\node\render.js ▓▓▓▓▓▓▓▓░░░░░░░░ 50.7% ( 753/1117)
Web node_modules\expo-router\entry.js ░░░░░░░░░░░░░░░░  0.0% (0/1)
λ node_modules\expo-router\node\render.js ░░░░░░░░░░░░░░░░  0.0% (0/1)
Web node_modules\expo-router\entry.js ░░░░░░░░░░░░░░░░  0.0% (0/1)
λ node_modules\expo-router\node\render.js ░░░░░░░░░░░░░░░░  0.0% (0/1)
Web node_modules\expo-router\entry.js ▓▓▓▓▓▓░░░░░░░░░░ 41.5% (490/761)
λ node_modules\expo-router\node\render.js ▓▓▓▓▓▓▓▓░░░░░░░░ 50.7% ( 765/1131)
Web node_modules\expo-router\entry.js ░░░░░░░░░░░░░░░░  0.0% (0/1)
λ node_modules\expo-router\node\render.js ░░░░░░░░░░░░░░░░  0.0% (0/1)
Web node_modules\expo-router\entry.js ░░░░░░░░░░░░░░░░  0.0% (0/1)
λ node_modules\expo-router\node\render.js ░░░░░░░░░░░░░░░░  0.0% (0/1)
Web node_modules\expo-router\entry.js ▓▓▓▓▓▓░░░░░░░░░░ 43.0% ( 733/1118)
λ node_modules\expo-router\node\render.js ▓▓▓▓▓▓▓▓░░░░░░░░ 54.2% ( 904/1228)
Web node_modules\expo-router\entry.js ░░░░░░░░░░░░░░░░  0.0% (0/1)
λ node_modules\expo-router\node\render.js ░░░░░░░░░░░░░░░░  0.0% (0/1)
Web node_modules\expo-router\entry.js ░░░░░░░░░░░░░░░░  0.0% (0/1)
λ node_modules\expo-router\node\render.js ░░░░░░░░░░░░░░░░  0.0% (0/1)
Web node_modules\expo-router\entry.js ▓▓▓▓▓▓▓░░░░░░░░░ 43.8% ( 754/1139)
λ node_modules\expo-router\node\render.js ▓▓▓▓▓▓▓▓▓░░░░░░░ 60.9% (1115/1429)
Web node_modules\expo-router\entry.js ░░░░░░░░░░░░░░░░  0.0% (0/1)
λ node_modules\expo-router\node\render.js ░░░░░░░░░░░░░░░░  0.0% (0/1)
Web node_modules\expo-router\entry.js ░░░░░░░░░░░░░░░░  0.0% (0/1)
λ node_modules\expo-router\node\render.js ░░░░░░░░░░░░░░░░  0.0% (0/1)
Web node_modules\expo-router\entry.js ▓▓▓▓▓▓▓░░░░░░░░░ 43.8% ( 754/1139)
λ node_modules\expo-router\node\render.js ▓▓▓▓▓▓▓▓▓░░░░░░░ 61.9% (1127/1432)
Web node_modules\expo-router\entry.js ░░░░░░░░░░░░░░░░  0.0% (0/1)
λ node_modules\expo-router\node\render.js ░░░░░░░░░░░░░░░░  0.0% (0/1)
Web node_modules\expo-router\entry.js ░░░░░░░░░░░░░░░░  0.0% (0/1)
λ node_modules\expo-router\node\render.js ░░░░░░░░░░░░░░░░  0.0% (0/1)
Web node_modules\expo-router\entry.js ▓▓▓▓▓▓▓░░░░░░░░░ 43.8% ( 754/1139)
λ node_modules\expo-router\node\render.js ▓▓▓▓▓▓▓▓▓░░░░░░░ 62.0% (1128/1434)
Web node_modules\expo-router\entry.js ░░░░░░░░░░░░░░░░  0.0% (0/1)
λ node_modules\expo-router\node\render.js ░░░░░░░░░░░░░░░░  0.0% (0/1)
Web node_modules\expo-router\entry.js ░░░░░░░░░░░░░░░░  0.0% (0/1)
λ node_modules\expo-router\node\render.js ░░░░░░░░░░░░░░░░  0.0% (0/1)
Web node_modules\expo-router\entry.js ▓▓▓▓▓▓▓▓░░░░░░░░ 52.2% ( 863/1195)
λ node_modules\expo-router\node\render.js ▓▓▓▓▓▓▓▓▓▓░░░░░░ 63.0% (1151/1450)
Web node_modules\expo-router\entry.js ░░░░░░░░░░░░░░░░  0.0% (0/1)
λ node_modules\expo-router\node\render.js ░░░░░░░░░░░░░░░░  0.0% (0/1)
Web node_modules\expo-router\entry.js ░░░░░░░░░░░░░░░░  0.0% (0/1)
λ node_modules\expo-router\node\render.js ░░░░░░░░░░░░░░░░  0.0% (0/1)
Web node_modules\expo-router\entry.js ▓▓▓▓▓▓▓▓▓▓░░░░░░ 63.8% (1127/1411)
λ node_modules\expo-router\node\render.js ▓▓▓▓▓▓▓▓▓▓▓▓░░░░ 75.6% (1337/1538)
Web node_modules\expo-router\entry.js ░░░░░░░░░░░░░░░░  0.0% (0/1)
λ node_modules\expo-router\node\render.js ░░░░░░░░░░░░░░░░  0.0% (0/1)
Web node_modules\expo-router\entry.js ░░░░░░░░░░░░░░░░  0.0% (0/1)
λ node_modules\expo-router\node\render.js ░░░░░░░░░░░░░░░░  0.0% (0/1)
Web node_modules\expo-router\entry.js ▓▓▓▓▓▓▓▓▓▓░░░░░░ 64.0% (1130/1412)
λ node_modules\expo-router\node\render.js ▓▓▓▓▓▓▓▓▓▓▓▓░░░░ 80.9% (1425/1700)
Web node_modules\expo-router\entry.js ░░░░░░░░░░░░░░░░  0.0% (0/1)
λ node_modules\expo-router\node\render.js ░░░░░░░░░░░░░░░░  0.0% (0/1)
Web node_modules\expo-router\entry.js ░░░░░░░░░░░░░░░░  0.0% (0/1)
λ node_modules\expo-router\node\render.js ░░░░░░░░░░░░░░░░  0.0% (0/1)
Web node_modules\expo-router\entry.js ▓▓▓▓▓▓▓▓▓▓░░░░░░ 64.5% (1137/1416)
λ node_modules\expo-router\node\render.js ▓▓▓▓▓▓▓▓▓▓▓▓░░░░ 80.9% (1439/1720)
Web node_modules\expo-router\entry.js ░░░░░░░░░░░░░░░░  0.0% (0/1)
λ node_modules\expo-router\node\render.js ░░░░░░░░░░░░░░░░  0.0% (0/1)
Web node_modules\expo-router\entry.js ░░░░░░░░░░░░░░░░  0.0% (0/1)
λ node_modules\expo-router\node\render.js ░░░░░░░░░░░░░░░░  0.0% (0/1)
Web node_modules\expo-router\entry.js ▓▓▓▓▓▓▓▓▓▓▓▓▓░░░ 81.5% (1397/1660)
λ node_modules\expo-router\node\render.js ▓▓▓▓▓▓▓▓▓▓▓▓░░░░ 80.9% (1480/1735)
Web node_modules\expo-router\entry.js ░░░░░░░░░░░░░░░░  0.0% (0/1)
λ node_modules\expo-router\node\render.js ░░░░░░░░░░░░░░░░  0.0% (0/1)
Web node_modules\expo-router\entry.js ░░░░░░░░░░░░░░░░  0.0% (0/1)
λ node_modules\expo-router\node\render.js ░░░░░░░░░░░░░░░░  0.0% (0/1)
Web node_modules\expo-router\entry.js ▓▓▓▓▓▓▓▓▓▓▓▓▓▓░░ 87.7% (1678/1792)
λ node_modules\expo-router\node\render.js ▓▓▓▓▓▓▓▓▓▓▓▓▓▓░░ 91.5% (1776/1857)
Web node_modules\expo-router\entry.js ░░░░░░░░░░░░░░░░  0.0% (0/1)
λ node_modules\expo-router\node\render.js ░░░░░░░░░░░░░░░░  0.0% (0/1)
Web node_modules\expo-router\entry.js ░░░░░░░░░░░░░░░░  0.0% (0/1)
λ node_modules\expo-router\node\render.js ░░░░░░░░░░░░░░░░  0.0% (0/1)
Web node_modules\expo-router\entry.js ▓▓▓▓▓▓▓▓▓▓▓▓▓▓░░ 93.6% (1794/1854)
λ node_modules\expo-router\node\render.js ▓▓▓▓▓▓▓▓▓▓▓▓▓▓▓░ 95.3% (1866/1920)
Web node_modules\expo-router\entry.js ░░░░░░░░░░░░░░░░  0.0% (0/1)
λ node_modules\expo-router\node\render.js ░░░░░░░░░░░░░░░░  0.0% (0/1)
Web node_modules\expo-router\entry.js ░░░░░░░░░░░░░░░░  0.0% (0/1)
λ node_modules\expo-router\node\render.js ░░░░░░░░░░░░░░░░  0.0% (0/1)
Web node_modules\expo-router\entry.js ▓▓▓▓▓▓▓▓▓▓▓▓▓▓▓░ 95.2% (1871/1927)
λ node_modules\expo-router\node\render.js ▓▓▓▓▓▓▓▓▓▓▓▓▓▓▓░ 95.3% (1926/1982)
Web node_modules\expo-router\entry.js ░░░░░░░░░░░░░░░░  0.0% (0/1)
λ node_modules\expo-router\node\render.js ░░░░░░░░░░░░░░░░  0.0% (0/1)
Web node_modules\expo-router\entry.js ░░░░░░░░░░░░░░░░  0.0% (0/1)
λ node_modules\expo-router\node\render.js ░░░░░░░░░░░░░░░░  0.0% (0/1)
Web node_modules\expo-router\entry.js ▓▓▓▓▓▓▓▓▓▓▓▓▓▓▓░ 95.2% (1898/1976)
λ node_modules\expo-router\node\render.js ▓▓▓▓▓▓▓▓▓▓▓▓▓▓▓░ 97.2% (1978/2017)
Web node_modules\expo-router\entry.js ░░░░░░░░░░░░░░░░  0.0% (0/1)
λ node_modules\expo-router\node\render.js ░░░░░░░░░░░░░░░░  0.0% (0/1)
Web node_modules\expo-router\entry.js ░░░░░░░░░░░░░░░░  0.0% (0/1)
λ node_modules\expo-router\node\render.js ░░░░░░░░░░░░░░░░  0.0% (0/1)
Web node_modules\expo-router\entry.js ░░░░░░░░░░░░░░░░  0.0% (0/1)
λ node_modules\expo-router\node\render.js ░░░░░░░░░░░░░░░░  0.0% (0/1)
Web node_modules\expo-router\entry.js ▓▓▓▓▓▓▓▓▓▓▓▓▓▓▓░ 97.2% (2017/2046)
λ node_modules\expo-router\node\render.js ▓▓▓▓▓▓▓▓▓▓▓▓▓▓▓░ 98.6% (2041/2055)
Web node_modules\expo-router\entry.js ░░░░░░░░░░░░░░░░  0.0% (0/1)
λ node_modules\expo-router\node\render.js ░░░░░░░░░░░░░░░░  0.0% (0/1)
Web node_modules\expo-router\entry.js ░░░░░░░░░░░░░░░░  0.0% (0/1)
λ node_modules\expo-router\node\render.js ░░░░░░░░░░░░░░░░  0.0% (0/1)
Web node_modules\expo-router\entry.js ░░░░░░░░░░░░░░░░  0.0% (0/1)
λ node_modules\expo-router\node\render.js ░░░░░░░░░░░░░░░░  0.0% (0/1)
λ Bundled 81893ms node_modules\expo-router\node\render.js (2070 modules)
λ Bundled 82301ms node_modules\expo-router\node\render.js (1 module)
λ Bundled 82422ms node_modules\expo-router\node\render.js (1 module)
λ Bundled 8226ms node_modules\expo-router\node\render.js (1 module)
Web node_modules\expo-router\entry.js ▓▓▓▓▓▓▓▓▓▓▓▓▓▓▓░ 99.9% (2064/2064)
Web node_modules\expo-router\entry.js ░░░░░░░░░░░░░░░░  0.0% (0/1)
Web node_modules\expo-router\entry.js ░░░░░░░░░░░░░░░░  0.0% (0/1)
Web node_modules\expo-router\entry.js ░░░░░░░░░░░░░░░░  0.0% (0/1)
Web Bundled 96140ms node_modules\expo-router\entry.js (2064 modules)
Web node_modules\expo-router\entry.js ▓▓▓▓▓▓▓▓▓▓▓▓▓▓▓░ 99.9% (2064/2064)
Web node_modules\expo-router\entry.js ░░░░░░░░░░░░░░░░  0.0% (0/1)
Web node_modules\expo-router\entry.js ░░░░░░░░░░░░░░░░  0.0% (0/1)
Web node_modules\expo-router\entry.js ░░░░░░░░░░░░░░░░  0.0% (0/1)
Web Bundled 96600ms node_modules\expo-router\entry.js (1 module)
Web Bundled 96717ms node_modules\expo-router\entry.js (1 module)
Web Bundled 22526ms node_modules\expo-router\entry.js (1 module)
Web node_modules\expo-router\entry.js ░░░░░░░░░░░░░░░░  0.0% (0/1)
λ Bundled 286ms node_modules\expo-router\node\render.js (1 module)
Web node_modules\expo-router\entry.js ░░░░░░░░░░░░░░░░  0.0% (0/1)
[expo-notifications] Listening to push token changes is not yet fully supported on web. Adding a listener will have no effect.
"shadow*" style props are deprecated. Use "boxShadow".
[expo-av]: Expo AV has been deprecated and will be removed in SDK 54. Use the `expo-audio` and `expo-video` packages to replace the required functionality.
λ  WARN  Image: style.resizeMode is deprecated. Please use props.resizeMode. 
  console.warn (D:\BALVANT\REACT NATIVE\PACKERS MOVERS\PackersMovers\node_modules\expo\node_modules\@expo\cli\src\start\server\serverLogLikeMetro.ts:161:21)
  warnOnce (D:\BALVANT\REACT NATIVE\PACKERS MOVERS\PackersMovers\node_modules\react-native-web\dist\modules\warnOnce\index.js:24:13)
  extractNonStandardStyleProps (D:\BALVANT\REACT NATIVE\PACKERS MOVERS\PackersMovers\node_modules\react-native-web\dist\exports\Image\index.js:59:13)
  Component (D:\BALVANT\REACT NATIVE\PACKERS MOVERS\PackersMovers\node_modules\react-native-web\dist\exports\Image\index.js:181:31)
  Object.callComponentInDEV [as react-stack-bottom-frame] (D:\BALVANT\REACT NATIVE\PACKERS MOVERS\PackersMovers\node_modules\react-dom\cjs\react-dom-server-legacy.node.development.js:8970:18)
  renderWithHooks (D:\BALVANT\REACT NATIVE\PACKERS MOVERS\PackersMovers\node_modules\react-dom\cjs\react-dom-server-legacy.node.development.js:4699:19)
  run (D:\BALVANT\REACT NATIVE\PACKERS MOVERS\PackersMovers\node_modules\react-dom\cjs\react-dom-server-legacy.node.development.js:5539:39)
  retryNode (D:\BALVANT\REACT NATIVE\PACKERS MOVERS\PackersMovers\node_modules\react-dom\cjs\react-dom-server-legacy.node.development.js:5899:31)
  renderNodeDestructive (D:\BALVANT\REACT NATIVE\PACKERS MOVERS\PackersMovers\node_modules\react-dom\cjs\react-dom-server-legacy.node.development.js:5849:11)
  renderNode (D:\BALVANT\REACT NATIVE\PACKERS MOVERS\PackersMovers\node_modules\react-dom\cjs\react-dom-server-legacy.node.development.js:6306:18)
λ  WARN  props.pointerEvents is deprecated. Use style.pointerEvents 
  console.warn (D:\BALVANT\REACT NATIVE\PACKERS MOVERS\PackersMovers\node_modules\expo\node_modules\@expo\cli\src\start\server\serverLogLikeMetro.ts:161:21)
  warnOnce (D:\BALVANT\REACT NATIVE\PACKERS MOVERS\PackersMovers\node_modules\react-native-web\dist\modules\warnOnce\index.js:24:13)
  createDOMProps (D:\BALVANT\REACT NATIVE\PACKERS MOVERS\PackersMovers\node_modules\react-native-web\dist\modules\createDOMProps\index.js:805:13)
  createElement (D:\BALVANT\REACT NATIVE\PACKERS MOVERS\PackersMovers\node_modules\react-native-web\dist\exports\createElement\index.js:23:32)
  Component (D:\BALVANT\REACT NATIVE\PACKERS MOVERS\PackersMovers\node_modules\react-native-web\dist\exports\View\index.js:111:23)
  Object.callComponentInDEV [as react-stack-bottom-frame] (D:\BALVANT\REACT NATIVE\PACKERS MOVERS\PackersMovers\node_modules\react-dom\cjs\react-dom-server-legacy.node.development.js:8970:18)
  renderWithHooks (D:\BALVANT\REACT NATIVE\PACKERS MOVERS\PackersMovers\node_modules\react-dom\cjs\react-dom-server-legacy.node.development.js:4699:19)
  run (D:\BALVANT\REACT NATIVE\PACKERS MOVERS\PackersMovers\node_modules\react-dom\cjs\react-dom-server-legacy.node.development.js:5539:39)
  retryNode (D:\BALVANT\REACT NATIVE\PACKERS MOVERS\PackersMovers\node_modules\react-dom\cjs\react-dom-server-legacy.node.development.js:5899:31)
  renderNodeDestructive (D:\BALVANT\REACT NATIVE\PACKERS MOVERS\PackersMovers\node_modules\react-dom\cjs\react-dom-server-legacy.node.development.js:5849:11)
[expo-notifications] Listening to push token changes is not yet fully supported on web. Adding a listener will have no effect.
"shadow*" style props are deprecated. Use "boxShadow".
[expo-av]: Expo AV has been deprecated and will be removed in SDK 54. Use the `expo-audio` and `expo-video` packages to replace the required functionality.
λ  WARN  Image: style.resizeMode is deprecated. Please use props.resizeMode. 
  console.warn (D:\BALVANT\REACT NATIVE\PACKERS MOVERS\PackersMovers\node_modules\expo\node_modules\@expo\cli\src\start\server\serverLogLikeMetro.ts:161:21)
  warnOnce (D:\BALVANT\REACT NATIVE\PACKERS MOVERS\PackersMovers\node_modules\react-native-web\dist\modules\warnOnce\index.js:24:13)
  extractNonStandardStyleProps (D:\BALVANT\REACT NATIVE\PACKERS MOVERS\PackersMovers\node_modules\react-native-web\dist\exports\Image\index.js:59:13)
  Component (D:\BALVANT\REACT NATIVE\PACKERS MOVERS\PackersMovers\node_modules\react-native-web\dist\exports\Image\index.js:181:31)
  Object.callComponentInDEV [as react-stack-bottom-frame] (D:\BALVANT\REACT NATIVE\PACKERS MOVERS\PackersMovers\node_modules\react-dom\cjs\react-dom-server-legacy.node.development.js:8970:18)
  renderWithHooks (D:\BALVANT\REACT NATIVE\PACKERS MOVERS\PackersMovers\node_modules\react-dom\cjs\react-dom-server-legacy.node.development.js:4699:19)
  run (D:\BALVANT\REACT NATIVE\PACKERS MOVERS\PackersMovers\node_modules\react-dom\cjs\react-dom-server-legacy.node.development.js:5539:39)
  retryNode (D:\BALVANT\REACT NATIVE\PACKERS MOVERS\PackersMovers\node_modules\react-dom\cjs\react-dom-server-legacy.node.development.js:5899:31)
  renderNodeDestructive (D:\BALVANT\REACT NATIVE\PACKERS MOVERS\PackersMovers\node_modules\react-dom\cjs\react-dom-server-legacy.node.development.js:5849:11)
  renderNode (D:\BALVANT\REACT NATIVE\PACKERS MOVERS\PackersMovers\node_modules\react-dom\cjs\react-dom-server-legacy.node.development.js:6306:18)
λ  WARN  props.pointerEvents is deprecated. Use style.pointerEvents 
  console.warn (D:\BALVANT\REACT NATIVE\PACKERS MOVERS\PackersMovers\node_modules\expo\node_modules\@expo\cli\src\start\server\serverLogLikeMetro.ts:161:21)
  warnOnce (D:\BALVANT\REACT NATIVE\PACKERS MOVERS\PackersMovers\node_modules\react-native-web\dist\modules\warnOnce\index.js:24:13)
  createDOMProps (D:\BALVANT\REACT NATIVE\PACKERS MOVERS\PackersMovers\node_modules\react-native-web\dist\modules\createDOMProps\index.js:805:13)
  createElement (D:\BALVANT\REACT NATIVE\PACKERS MOVERS\PackersMovers\node_modules\react-native-web\dist\exports\createElement\index.js:23:32)
  Component (D:\BALVANT\REACT NATIVE\PACKERS MOVERS\PackersMovers\node_modules\react-native-web\dist\exports\View\index.js:111:23)
  Object.callComponentInDEV [as react-stack-bottom-frame] (D:\BALVANT\REACT NATIVE\PACKERS MOVERS\PackersMovers\node_modules\react-dom\cjs\react-dom-server-legacy.node.development.js:8970:18)
  renderWithHooks (D:\BALVANT\REACT NATIVE\PACKERS MOVERS\PackersMovers\node_modules\react-dom\cjs\react-dom-server-legacy.node.development.js:4699:19)
  run (D:\BALVANT\REACT NATIVE\PACKERS MOVERS\PackersMovers\node_modules\react-dom\cjs\react-dom-server-legacy.node.development.js:5539:39)
  retryNode (D:\BALVANT\REACT NATIVE\PACKERS MOVERS\PackersMovers\node_modules\react-dom\cjs\react-dom-server-legacy.node.development.js:5899:31)
  renderNodeDestructive (D:\BALVANT\REACT NATIVE\PACKERS MOVERS\PackersMovers\node_modules\react-dom\cjs\react-dom-server-legacy.node.development.js:5849:11)
Web Bundled 46235ms node_modules\expo-router\entry.js (1 module)
Web node_modules\expo-router\entry.js ░░░░░░░░░░░░░░░░  0.0% (0/1)
[expo-notifications] Listening to push token changes is not yet fully supported on web. Adding a listener will have no effect.
"shadow*" style props are deprecated. Use "boxShadow".
[expo-av]: Expo AV has been deprecated and will be removed in SDK 54. Use the `expo-audio` and `expo-video` packages to replace the required functionality.
λ  WARN  Image: style.resizeMode is deprecated. Please use props.resizeMode. 
  console.warn (D:\BALVANT\REACT NATIVE\PACKERS MOVERS\PackersMovers\node_modules\expo\node_modules\@expo\cli\src\start\server\serverLogLikeMetro.ts:161:21)
  warnOnce (D:\BALVANT\REACT NATIVE\PACKERS MOVERS\PackersMovers\node_modules\react-native-web\dist\modules\warnOnce\index.js:24:13)
  extractNonStandardStyleProps (D:\BALVANT\REACT NATIVE\PACKERS MOVERS\PackersMovers\node_modules\react-native-web\dist\exports\Image\index.js:59:13)
  Component (D:\BALVANT\REACT NATIVE\PACKERS MOVERS\PackersMovers\node_modules\react-native-web\dist\exports\Image\index.js:181:31)
  Object.callComponentInDEV [as react-stack-bottom-frame] (D:\BALVANT\REACT NATIVE\PACKERS MOVERS\PackersMovers\node_modules\react-dom\cjs\react-dom-server-legacy.node.development.js:8970:18)
  renderWithHooks (D:\BALVANT\REACT NATIVE\PACKERS MOVERS\PackersMovers\node_modules\react-dom\cjs\react-dom-server-legacy.node.development.js:4699:19)
  run (D:\BALVANT\REACT NATIVE\PACKERS MOVERS\PackersMovers\node_modules\react-dom\cjs\react-dom-server-legacy.node.development.js:5539:39)
  retryNode (D:\BALVANT\REACT NATIVE\PACKERS MOVERS\PackersMovers\node_modules\react-dom\cjs\react-dom-server-legacy.node.development.js:5899:31)
  renderNodeDestructive (D:\BALVANT\REACT NATIVE\PACKERS MOVERS\PackersMovers\node_modules\react-dom\cjs\react-dom-server-legacy.node.development.js:5849:11)
  renderNode (D:\BALVANT\REACT NATIVE\PACKERS MOVERS\PackersMovers\node_modules\react-dom\cjs\react-dom-server-legacy.node.development.js:6306:18)
λ  WARN  props.pointerEvents is deprecated. Use style.pointerEvents 
  console.warn (D:\BALVANT\REACT NATIVE\PACKERS MOVERS\PackersMovers\node_modules\expo\node_modules\@expo\cli\src\start\server\serverLogLikeMetro.ts:161:21)
  warnOnce (D:\BALVANT\REACT NATIVE\PACKERS MOVERS\PackersMovers\node_modules\react-native-web\dist\modules\warnOnce\index.js:24:13)
  createDOMProps (D:\BALVANT\REACT NATIVE\PACKERS MOVERS\PackersMovers\node_modules\react-native-web\dist\modules\createDOMProps\index.js:805:13)
  createElement (D:\BALVANT\REACT NATIVE\PACKERS MOVERS\PackersMovers\node_modules\react-native-web\dist\exports\createElement\index.js:23:32)
  Component (D:\BALVANT\REACT NATIVE\PACKERS MOVERS\PackersMovers\node_modules\react-native-web\dist\exports\View\index.js:111:23)
  Object.callComponentInDEV [as react-stack-bottom-frame] (D:\BALVANT\REACT NATIVE\PACKERS MOVERS\PackersMovers\node_modules\react-dom\cjs\react-dom-server-legacy.node.development.js:8970:18)
  renderWithHooks (D:\BALVANT\REACT NATIVE\PACKERS MOVERS\PackersMovers\node_modules\react-dom\cjs\react-dom-server-legacy.node.development.js:4699:19)
  run (D:\BALVANT\REACT NATIVE\PACKERS MOVERS\PackersMovers\node_modules\react-dom\cjs\react-dom-server-legacy.node.development.js:5539:39)
  retryNode (D:\BALVANT\REACT NATIVE\PACKERS MOVERS\PackersMovers\node_modules\react-dom\cjs\react-dom-server-legacy.node.development.js:5899:31)
  renderNodeDestructive (D:\BALVANT\REACT NATIVE\PACKERS MOVERS\PackersMovers\node_modules\react-dom\cjs\react-dom-server-legacy.node.development.js:5849:11)
[expo-notifications] Listening to push token changes is not yet fully supported on web. Adding a listener will have no effect.
"shadow*" style props are deprecated. Use "boxShadow".
[expo-av]: Expo AV has been deprecated and will be removed in SDK 54. Use the `expo-audio` and `expo-video` packages to replace the required functionality.
λ  WARN  Image: style.resizeMode is deprecated. Please use props.resizeMode. 
  console.warn (D:\BALVANT\REACT NATIVE\PACKERS MOVERS\PackersMovers\node_modules\expo\node_modules\@expo\cli\src\start\server\serverLogLikeMetro.ts:161:21)
  warnOnce (D:\BALVANT\REACT NATIVE\PACKERS MOVERS\PackersMovers\node_modules\react-native-web\dist\modules\warnOnce\index.js:24:13)
  extractNonStandardStyleProps (D:\BALVANT\REACT NATIVE\PACKERS MOVERS\PackersMovers\node_modules\react-native-web\dist\exports\Image\index.js:59:13)
  Component (D:\BALVANT\REACT NATIVE\PACKERS MOVERS\PackersMovers\node_modules\react-native-web\dist\exports\Image\index.js:181:31)
  Object.callComponentInDEV [as react-stack-bottom-frame] (D:\BALVANT\REACT NATIVE\PACKERS MOVERS\PackersMovers\node_modules\react-dom\cjs\react-dom-server-legacy.node.development.js:8970:18)
  renderWithHooks (D:\BALVANT\REACT NATIVE\PACKERS MOVERS\PackersMovers\node_modules\react-dom\cjs\react-dom-server-legacy.node.development.js:4699:19)
  run (D:\BALVANT\REACT NATIVE\PACKERS MOVERS\PackersMovers\node_modules\react-dom\cjs\react-dom-server-legacy.node.development.js:5539:39)
  retryNode (D:\BALVANT\REACT NATIVE\PACKERS MOVERS\PackersMovers\node_modules\react-dom\cjs\react-dom-server-legacy.node.development.js:5899:31)
  renderNodeDestructive (D:\BALVANT\REACT NATIVE\PACKERS MOVERS\PackersMovers\node_modules\react-dom\cjs\react-dom-server-legacy.node.development.js:5849:11)
  renderNode (D:\BALVANT\REACT NATIVE\PACKERS MOVERS\PackersMovers\node_modules\react-dom\cjs\react-dom-server-legacy.node.development.js:6306:18)
λ  WARN  props.pointerEvents is deprecated. Use style.pointerEvents 
  console.warn (D:\BALVANT\REACT NATIVE\PACKERS MOVERS\PackersMovers\node_modules\expo\node_modules\@expo\cli\src\start\server\serverLogLikeMetro.ts:161:21)
  warnOnce (D:\BALVANT\REACT NATIVE\PACKERS MOVERS\PackersMovers\node_modules\react-native-web\dist\modules\warnOnce\index.js:24:13)
  createDOMProps (D:\BALVANT\REACT NATIVE\PACKERS MOVERS\PackersMovers\node_modules\react-native-web\dist\modules\createDOMProps\index.js:805:13)
  createElement (D:\BALVANT\REACT NATIVE\PACKERS MOVERS\PackersMovers\node_modules\react-native-web\dist\exports\createElement\index.js:23:32)
  Component (D:\BALVANT\REACT NATIVE\PACKERS MOVERS\PackersMovers\node_modules\react-native-web\dist\exports\View\index.js:111:23)
  Object.callComponentInDEV [as react-stack-bottom-frame] (D:\BALVANT\REACT NATIVE\PACKERS MOVERS\PackersMovers\node_modules\react-dom\cjs\react-dom-server-legacy.node.development.js:8970:18)
  renderWithHooks (D:\BALVANT\REACT NATIVE\PACKERS MOVERS\PackersMovers\node_modules\react-dom\cjs\react-dom-server-legacy.node.development.js:4699:19)
  run (D:\BALVANT\REACT NATIVE\PACKERS MOVERS\PackersMovers\node_modules\react-dom\cjs\react-dom-server-legacy.node.development.js:5539:39)
  retryNode (D:\BALVANT\REACT NATIVE\PACKERS MOVERS\PackersMovers\node_modules\react-dom\cjs\react-dom-server-legacy.node.development.js:5899:31)
  renderNodeDestructive (D:\BALVANT\REACT NATIVE\PACKERS MOVERS\PackersMovers\node_modules\react-dom\cjs\react-dom-server-legacy.node.development.js:5849:11)
[expo-notifications] Listening to push token changes is not yet fully supported on web. Adding a listener will have no effect.
"shadow*" style props are deprecated. Use "boxShadow".
[expo-av]: Expo AV has been deprecated and will be removed in SDK 54. Use the `expo-audio` and `expo-video` packages to replace the required functionality.
λ  WARN  Image: style.resizeMode is deprecated. Please use props.resizeMode. 
  console.warn (D:\BALVANT\REACT NATIVE\PACKERS MOVERS\PackersMovers\node_modules\expo\node_modules\@expo\cli\src\start\server\serverLogLikeMetro.ts:161:21)
  warnOnce (D:\BALVANT\REACT NATIVE\PACKERS MOVERS\PackersMovers\node_modules\react-native-web\dist\modules\warnOnce\index.js:24:13)
  extractNonStandardStyleProps (D:\BALVANT\REACT NATIVE\PACKERS MOVERS\PackersMovers\node_modules\react-native-web\dist\exports\Image\index.js:59:13)
  Component (D:\BALVANT\REACT NATIVE\PACKERS MOVERS\PackersMovers\node_modules\react-native-web\dist\exports\Image\index.js:181:31)
  Object.callComponentInDEV [as react-stack-bottom-frame] (D:\BALVANT\REACT NATIVE\PACKERS MOVERS\PackersMovers\node_modules\react-dom\cjs\react-dom-server-legacy.node.development.js:8970:18)
  renderWithHooks (D:\BALVANT\REACT NATIVE\PACKERS MOVERS\PackersMovers\node_modules\react-dom\cjs\react-dom-server-legacy.node.development.js:4699:19)
  run (D:\BALVANT\REACT NATIVE\PACKERS MOVERS\PackersMovers\node_modules\react-dom\cjs\react-dom-server-legacy.node.development.js:5539:39)
  retryNode (D:\BALVANT\REACT NATIVE\PACKERS MOVERS\PackersMovers\node_modules\react-dom\cjs\react-dom-server-legacy.node.development.js:5899:31)
  renderNodeDestructive (D:\BALVANT\REACT NATIVE\PACKERS MOVERS\PackersMovers\node_modules\react-dom\cjs\react-dom-server-legacy.node.development.js:5849:11)
  renderNode (D:\BALVANT\REACT NATIVE\PACKERS MOVERS\PackersMovers\node_modules\react-dom\cjs\react-dom-server-legacy.node.development.js:6306:18)
λ  WARN  props.pointerEvents is deprecated. Use style.pointerEvents 
  console.warn (D:\BALVANT\REACT NATIVE\PACKERS MOVERS\PackersMovers\node_modules\expo\node_modules\@expo\cli\src\start\server\serverLogLikeMetro.ts:161:21)
  warnOnce (D:\BALVANT\REACT NATIVE\PACKERS MOVERS\PackersMovers\node_modules\react-native-web\dist\modules\warnOnce\index.js:24:13)
  createDOMProps (D:\BALVANT\REACT NATIVE\PACKERS MOVERS\PackersMovers\node_modules\react-native-web\dist\modules\createDOMProps\index.js:805:13)
  createElement (D:\BALVANT\REACT NATIVE\PACKERS MOVERS\PackersMovers\node_modules\react-native-web\dist\exports\createElement\index.js:23:32)
  Component (D:\BALVANT\REACT NATIVE\PACKERS MOVERS\PackersMovers\node_modules\react-native-web\dist\exports\View\index.js:111:23)
  Object.callComponentInDEV [as react-stack-bottom-frame] (D:\BALVANT\REACT NATIVE\PACKERS MOVERS\PackersMovers\node_modules\react-dom\cjs\react-dom-server-legacy.node.development.js:8970:18)
  renderWithHooks (D:\BALVANT\REACT NATIVE\PACKERS MOVERS\PackersMovers\node_modules\react-dom\cjs\react-dom-server-legacy.node.development.js:4699:19)
  run (D:\BALVANT\REACT NATIVE\PACKERS MOVERS\PackersMovers\node_modules\react-dom\cjs\react-dom-server-legacy.node.development.js:5539:39)
  retryNode (D:\BALVANT\REACT NATIVE\PACKERS MOVERS\PackersMovers\node_modules\react-dom\cjs\react-dom-server-legacy.node.development.js:5899:31)
  renderNodeDestructive (D:\BALVANT\REACT NATIVE\PACKERS MOVERS\PackersMovers\node_modules\react-dom\cjs\react-dom-server-legacy.node.development.js:5849:11)
Web node_modules\expo-router\entry.js ░░░░░░░░░░░░░░░░  0.0% (0/1)
Web node_modules\expo-router\entry.js ░░░░░░░░░░░░░░░░  0.0% (0/1)
Error: Premature close
    at onclose (node:internal/streams/end-of-stream:159:30)
    at processTicksAndRejections (node:internal/process/task_queues:77:11)
    at runNextTicks (node:internal/process/task_queues:64:3)
    at processImmediate (node:internal/timers:454:9)
    at process.callbackTrampoline (node:internal/async_hooks:130:17)
λ Bundled 359ms node_modules\expo-router\node\render.js (1 module)
Error: Premature close
    at onclose (node:internal/streams/end-of-stream:159:30)
    at processTicksAndRejections (node:internal/process/task_queues:77:11)
    at runNextTicks (node:internal/process/task_queues:64:3)
    at processImmediate (node:internal/timers:454:9)
    at process.callbackTrampoline (node:internal/async_hooks:130:17)
Error: Premature close
    at onclose (node:internal/streams/end-of-stream:159:30)
    at processTicksAndRejections (node:internal/process/task_queues:77:11)
    at runNextTicks (node:internal/process/task_queues:64:3)
    at processImmediate (node:internal/timers:454:9)
    at process.callbackTrampoline (node:internal/async_hooks:130:17)
Web node_modules\expo-router\entry.js ▓▓░░░░░░░░░░░░░░ 13.0% ( 20/112)
Web node_modules\expo-router\entry.js ░░░░░░░░░░░░░░░░  0.0% (0/1)
[expo-notifications] Listening to push token changes is not yet fully supported on web. Adding a listener will have no effect.
"shadow*" style props are deprecated. Use "boxShadow".
[expo-av]: Expo AV has been deprecated and will be removed in SDK 54. Use the `expo-audio` and `expo-video` packages to replace the required functionality.
λ  WARN  Image: style.resizeMode is deprecated. Please use props.resizeMode. 
  console.warn (D:\BALVANT\REACT NATIVE\PACKERS MOVERS\PackersMovers\node_modules\expo\node_modules\@expo\cli\src\start\server\serverLogLikeMetro.ts:161:21)
  warnOnce (D:\BALVANT\REACT NATIVE\PACKERS MOVERS\PackersMovers\node_modules\react-native-web\dist\modules\warnOnce\index.js:24:13)
  extractNonStandardStyleProps (D:\BALVANT\REACT NATIVE\PACKERS MOVERS\PackersMovers\node_modules\react-native-web\dist\exports\Image\index.js:59:13)
  Component (D:\BALVANT\REACT NATIVE\PACKERS MOVERS\PackersMovers\node_modules\react-native-web\dist\exports\Image\index.js:181:31)
  Object.callComponentInDEV [as react-stack-bottom-frame] (D:\BALVANT\REACT NATIVE\PACKERS MOVERS\PackersMovers\node_modules\react-dom\cjs\react-dom-server-legacy.node.development.js:8970:18)
  renderWithHooks (D:\BALVANT\REACT NATIVE\PACKERS MOVERS\PackersMovers\node_modules\react-dom\cjs\react-dom-server-legacy.node.development.js:4699:19)
  run (D:\BALVANT\REACT NATIVE\PACKERS MOVERS\PackersMovers\node_modules\react-dom\cjs\react-dom-server-legacy.node.development.js:5539:39)
  retryNode (D:\BALVANT\REACT NATIVE\PACKERS MOVERS\PackersMovers\node_modules\react-dom\cjs\react-dom-server-legacy.node.development.js:5899:31)
  renderNodeDestructive (D:\BALVANT\REACT NATIVE\PACKERS MOVERS\PackersMovers\node_modules\react-dom\cjs\react-dom-server-legacy.node.development.js:5849:11)
  renderNode (D:\BALVANT\REACT NATIVE\PACKERS MOVERS\PackersMovers\node_modules\react-dom\cjs\react-dom-server-legacy.node.development.js:6306:18)
λ  WARN  props.pointerEvents is deprecated. Use style.pointerEvents 
  console.warn (D:\BALVANT\REACT NATIVE\PACKERS MOVERS\PackersMovers\node_modules\expo\node_modules\@expo\cli\src\start\server\serverLogLikeMetro.ts:161:21)
  warnOnce (D:\BALVANT\REACT NATIVE\PACKERS MOVERS\PackersMovers\node_modules\react-native-web\dist\modules\warnOnce\index.js:24:13)
  createDOMProps (D:\BALVANT\REACT NATIVE\PACKERS MOVERS\PackersMovers\node_modules\react-native-web\dist\modules\createDOMProps\index.js:805:13)
  createElement (D:\BALVANT\REACT NATIVE\PACKERS MOVERS\PackersMovers\node_modules\react-native-web\dist\exports\createElement\index.js:23:32)
  Component (D:\BALVANT\REACT NATIVE\PACKERS MOVERS\PackersMovers\node_modules\react-native-web\dist\exports\View\index.js:111:23)
  Object.callComponentInDEV [as react-stack-bottom-frame] (D:\BALVANT\REACT NATIVE\PACKERS MOVERS\PackersMovers\node_modules\react-dom\cjs\react-dom-server-legacy.node.development.js:8970:18)
  renderWithHooks (D:\BALVANT\REACT NATIVE\PACKERS MOVERS\PackersMovers\node_modules\react-dom\cjs\react-dom-server-legacy.node.development.js:4699:19)
  run (D:\BALVANT\REACT NATIVE\PACKERS MOVERS\PackersMovers\node_modules\react-dom\cjs\react-dom-server-legacy.node.development.js:5539:39)
  retryNode (D:\BALVANT\REACT NATIVE\PACKERS MOVERS\PackersMovers\node_modules\react-dom\cjs\react-dom-server-legacy.node.development.js:5899:31)
  renderNodeDestructive (D:\BALVANT\REACT NATIVE\PACKERS MOVERS\PackersMovers\node_modules\react-dom\cjs\react-dom-server-legacy.node.development.js:5849:11)
Web node_modules\expo-router\entry.js ▓▓░░░░░░░░░░░░░░ 13.0% ( 47/219)
Web node_modules\expo-router\entry.js ░░░░░░░░░░░░░░░░  0.0% (0/1)
Web node_modules\expo-router\entry.js ▓▓░░░░░░░░░░░░░░ 13.0% ( 48/219)
Web node_modules\expo-router\entry.js ░░░░░░░░░░░░░░░░  0.0% (0/1)
Web Bundled 19193ms node_modules\expo-router\entry.js (1 module)
Error: Premature close
    at onclose (node:internal/streams/end-of-stream:159:30)
    at processTicksAndRejections (node:internal/process/task_queues:77:11)
Web node_modules\expo-router\entry.js ▓▓▓░░░░░░░░░░░░░ 24.4% (214/437)
Web node_modules\expo-router\entry.js ▓▓▓▓▓░░░░░░░░░░░ 35.4% (298/501)
Web node_modules\expo-router\entry.js ▓▓▓▓▓░░░░░░░░░░░ 36.3% (434/726)
Web node_modules\expo-router\entry.js ▓▓▓▓▓▓░░░░░░░░░░ 42.1% ( 709/1099)
Web node_modules\expo-router\entry.js ▓▓▓▓▓▓░░░░░░░░░░ 42.1% ( 710/1099)
Web node_modules\expo-router\entry.js ▓▓▓▓▓▓▓▓▓░░░░░░░ 60.0% (1083/1398)
Web node_modules\expo-router\entry.js ▓▓▓▓▓▓▓▓▓▓▓▓░░░░ 76.7% (1334/1523)
Web node_modules\expo-router\entry.js ▓▓▓▓▓▓▓▓▓▓▓▓▓░░░ 81.6% (1428/1708)
Web node_modules\expo-router\entry.js ▓▓▓▓▓▓▓▓▓▓▓▓▓▓▓░ 93.8% (1869/1930)
Web node_modules\expo-router\entry.js ▓▓▓▓▓▓▓▓▓▓▓▓▓▓▓░ 98.1% (2033/2053)
Web Bundled 81836ms node_modules\expo-router\entry.js (2065 modules)
 LOG  [web] Logs will appear in the browser console
